[mavenfinance.com.pl/index.html]
[backblue.gif]
[fade.gif]
[index.html]
[mavenfinance.com.pl/css/bootstrap.min.css]
[mavenfinance.com.pl/css/style.css]
[mavenfinance.com.pl/images/favicon.png]
[mavenfinance.com.pl/index-2.html]
[mavenfinance.com.pl/bb/logo.png]
[mavenfinance.com.pl/about.html]
[mavenfinance.com.pl/plans.html]
[mavenfinance.com.pl/contact.html]
[mavenfinance.com.pl/register.html]
[mavenfinance.com.pl/login.html]
[mavenfinance.com.pl/index-3.html]
[mavenfinance.com.pl/images/logo-2.png]
[mavenfinance.com.pl/bb/mtx001.jpg]
[mavenfinance.com.pl/images/resource/about3-1.jpg]
[mavenfinance.com.pl/s3.tradingview.com/external-embedding/embed-widget-ticker-tape.js]
[mavenfinance.com.pl/files.coinmarketcap.com/static/widget/coinMarquee.js]
[mavenfinance.com.pl/page-service-details.html]
[mavenfinance.com.pl/images/resource/about8-1.jpg]
[mavenfinance.com.pl/images/resource/about8-2.jpg]
[mavenfinance.com.pl/images/resource/news10-1.jpg]
[mavenfinance.com.pl/s3.tradingview.com/external-embedding/embed-widget-forex-cross-rates.js]
[mavenfinance.com.pl/images/resource/testi-thumb5-1.png]
[mavenfinance.com.pl/images/resource/testi-thumb5-2.png]
[mavenfinance.com.pl/images/resource/testi-thumb5-3.png]
[mavenfinance.com.pl/images/resource/about2-1.jpg]
[mavenfinance.com.pl/bb/suser.html]
[mavenfinance.com.pl/bb/pex2.png]
[mavenfinance.com.pl/images/resource/pana.png]
[mavenfinance.com.pl/bb/cert77667611.jpg]
[mavenfinance.com.pl/bb/main001.png]
[mavenfinance.com.pl/bb/dfg007.jpg]
[mavenfinance.com.pl/js/jquery.js]
[mavenfinance.com.pl/js/popper.min.js]
[mavenfinance.com.pl/js/bootstrap.min.js]
[mavenfinance.com.pl/js/wow.js]
[mavenfinance.com.pl/js/jquery.fancybox.js]
[mavenfinance.com.pl/js/appear.js]
[mavenfinance.com.pl/js/mixitup.js]
[mavenfinance.com.pl/js/owl.js]
[mavenfinance.com.pl/js/script.js]
[mavenfinance.com.pl/âhttps_/www.smartsupp.comâ]
[mavenfinance.com.pl/index.html]
[mavenfinance.com.pl/css/bootstrap.min.css]
[mavenfinance.com.pl/css/animate.css]
[mavenfinance.com.pl/css/owl.css]
[mavenfinance.com.pl/css/jquery.fancybox.min.css]
[mavenfinance.com.pl/css/linear.css]
[mavenfinance.com.pl/css/fontawesome.css]
[mavenfinance.com.pl/css/flaticon.css]
[mavenfinance.com.pl/css/select2.min.css]
[mavenfinance.com.pl/css/tm-bs-mp.css]
[mavenfinance.com.pl/css/tm-utility-classes.css]
[mavenfinance.com.pl/images/logo.png]
[mavenfinance.com.pl/images/icons/pattern-1.png]
[mavenfinance.com.pl/images/icons/pattern-2.png]
[mavenfinance.com.pl/images/icons/pattern-3.html]
[mavenfinance.com.pl/images/icons/bg-shape.png]
[mavenfinance.com.pl/images/icons/icon-circle.png]
[mavenfinance.com.pl/images/icons/icon-dots-2.png]
[mavenfinance.com.pl/images/icons/icon-dots-3.png]
[mavenfinance.com.pl/images/icons/icon-dots-4.png]
[mavenfinance.com.pl/images/icons/icon-squar-1.png]
[mavenfinance.com.pl/images/icons/icon-squar-2.png]
[mavenfinance.com.pl/images/icons/icon-circle-3.png]
[mavenfinance.com.pl/images/icons/icon-star-1.png]
[mavenfinance.com.pl/images/icons/icon-location.png]
[mavenfinance.com.pl/images/icons/icon-star-2.png]
[mavenfinance.com.pl/images/icons/sub-title-before.png]
[mavenfinance.com.pl/images/icons/sub-title-before-colored.png]
[mavenfinance.com.pl/images/banner/shape-1.png]
[mavenfinance.com.pl/images/banner/overlay.png]
[mavenfinance.com.pl/images/banner/icon-star-2.png]
[mavenfinance.com.pl/images/banner/icon-angle-3.png]
[mavenfinance.com.pl/images/banner/icon-angle-4.png]
[mavenfinance.com.pl/images/banner/icon-angle-5.png]
[mavenfinance.com.pl/images/banner/icon-box.png]
[mavenfinance.com.pl/images/banner/icon-circle.png]
[mavenfinance.com.pl/images/banner/shape-2.png]
[mavenfinance.com.pl/images/banner/overlay-2.png]
[mavenfinance.com.pl/images/banner/icon-angle.png]
[mavenfinance.com.pl/images/banner/icon-star.png]
[mavenfinance.com.pl/images/banner/shape-3.png]
[mavenfinance.com.pl/images/banner/overlay-3.png]
[mavenfinance.com.pl/images/banner/overlay-7.png]
[mavenfinance.com.pl/images/banner/icon-dots.png]
[mavenfinance.com.pl/images/banner/shape-4.png]
[mavenfinance.com.pl/images/banner/icon-lines.png]
[mavenfinance.com.pl/images/banner/icon-angle-2.png]
[mavenfinance.com.pl/images/banner/shape-5.png]
[mavenfinance.com.pl/images/banner/overlay-4.png]
[mavenfinance.com.pl/images/banner/overlay-8.png]
[mavenfinance.com.pl/images/banner/overlay-6.png]
[mavenfinance.com.pl/images/resource/layer-1.png]
[mavenfinance.com.pl/images/icons/icon-triangle.png]
[mavenfinance.com.pl/images/icons/bg-border.png]
[mavenfinance.com.pl/images/icons/bg-border-2.png]
[mavenfinance.com.pl/images/icons/testi-bg.png]
[mavenfinance.com.pl/images/icons/footer-bg-1.png]
[mavenfinance.com.pl/images/icons/footer-bg-2.png]
[mavenfinance.com.pl/images/icons/footer-bg-3.png]
[mavenfinance.com.pl/images/icons/footer-bg-4.png]
[mavenfinance.com.pl/images/icons/footer-bg-5.png]
[mavenfinance.com.pl/images/icons/footer-bg-6.png]
[mavenfinance.com.pl/images/icons/footer-bg-7.png]
[mavenfinance.com.pl/images/icons/footer-bg-8.png]
[mavenfinance.com.pl/images/icons/footer-bg-9.png]
[mavenfinance.com.pl/images/icons/footer-bg-10.png]
[mavenfinance.com.pl/images/icons/footer-bg-11.html]
[mavenfinance.com.pl/images/icons/pattern-7.html]
[mavenfinance.com.pl/images/icons/cat-1-bg.html]
[mavenfinance.com.pl/images/icons/cat-2-bg.html]
[mavenfinance.com.pl/images/icons/cat-3-bg.html]
[mavenfinance.com.pl/images/icons/cat-4-bg.html]
[mavenfinance.com.pl/images/icons/pattern-8.html]
[mavenfinance.com.pl/images/icons/shape-7.html]
[mavenfinance.com.pl/css/style.css]
[mavenfinance.com.pl/index-2.html]
[mavenfinance.com.pl/images/background/page-title-bg.png]
[mavenfinance.com.pl/about.html]
[mavenfinance.com.pl/js/select2.min.js]
[mavenfinance.com.pl/js/swiper.min.js]
[mavenfinance.com.pl/plans.html]
[mavenfinance.com.pl/assets/global/images/QqXyviZDEkUt2FuvS0lA.png]
[mavenfinance.com.pl/js/jquery-ui.js]
[mavenfinance.com.pl/assets/global/css/fontawesome.min.css]
[mavenfinance.com.pl/assets/frontend/css/vendor/bootstrap.min.css]
[mavenfinance.com.pl/assets/frontend/css/animate.css]
[mavenfinance.com.pl/assets/frontend/css/owl.carousel.min.css]
[mavenfinance.com.pl/assets/global/css/nice-select.css]
[mavenfinance.com.pl/assets/global/css/datatables.min.css]
[mavenfinance.com.pl/assets/global/css/simple-notify.min.css]
[mavenfinance.com.pl/assets/vendor/mckenziearts/laravel-notify/css/notify.css]
[mavenfinance.com.pl/assets/global/css/custom.css]
[mavenfinance.com.pl/assets/frontend/css/magnific-popup.css]
[mavenfinance.com.pl/assets/frontend/css/aos.css]
[mavenfinance.com.pl/assets/frontend/theme_base/money_invest/css/styles67f8.css]
[mavenfinance.com.pl/assets/global/images/a58DOjrk0cmaf5Dlf2rI.png]
[mavenfinance.com.pl/schema.html]
[mavenfinance.com.pl/rankings.html]
[mavenfinance.com.pl/how-it-works.html]
[mavenfinance.com.pl/blog.html]
[mavenfinance.com.pl/contact-2.html]
[mavenfinance.com.pl/language-update5efc]
[mavenfinance.com.pl/language-updatee60a]
[mavenfinance.com.pl/assets/global/images/3D2GoedLg8L3e7B5Q9Ev.png]
[mavenfinance.com.pl/assets/global/images/GAH1nccf5XhjretvfsYT.png]
[mavenfinance.com.pl/privacy-policy.html]
[mavenfinance.com.pl/faq.html]
[mavenfinance.com.pl/terms-and-conditions.html]
[mavenfinance.com.pl/privacy-policy-2.html]
[mavenfinance.com.pl/assets/global/js/jquery.min.js]
[mavenfinance.com.pl/assets/global/js/jquery-migrate.js]
[mavenfinance.com.pl/assets/frontend/js/bootstrap.bundle.min.js]
[mavenfinance.com.pl/assets/frontend/js/scrollUp.min.js]
[mavenfinance.com.pl/assets/frontend/js/owl.carousel.min.js]
[mavenfinance.com.pl/assets/global/js/waypoints.min.js]
[mavenfinance.com.pl/assets/frontend/js/jquery.counterup.min.js]
[mavenfinance.com.pl/assets/global/js/jquery.nice-select.min.js]
[mavenfinance.com.pl/assets/global/js/lucide.min.js]
[mavenfinance.com.pl/assets/frontend/js/magnific-popup.min.js]
[mavenfinance.com.pl/assets/frontend/js/aos.js]
[mavenfinance.com.pl/assets/global/js/datatables.min.js]
[mavenfinance.com.pl/assets/global/js/simple-notify.min.js]
[mavenfinance.com.pl/assets/frontend/theme_base/money_invest/js/main830b.js]
[mavenfinance.com.pl/assets/frontend/js/cookie.js]
[mavenfinance.com.pl/assets/global/js/custom830b.js]
[mavenfinance.com.pl/assets/vendor/mckenziearts/laravel-notify/js/notify.js]
[mavenfinance.com.pl/contact.html]
[mavenfinance.com.pl/assets/frontend/theme_base/money_invest/materials/banners/auth-banner.jpg]
[mavenfinance.com.pl/register.html]
[mavenfinance.com.pl/terms-and-conditions-2.html]
[mavenfinance.com.pl/forgot-password.html]
[mavenfinance.com.pl/login.html]
[mavenfinance.com.pl/htdocs_error/style.css]
[mavenfinance.com.pl/htdocs_error/something-lost.png]
[mavenfinance.com.pl/index-3.html]
[mavenfinance.com.pl/s3.tradingview.com/external-embedding/embed-widget-ticker-tape.html]
[mavenfinance.com.pl/files.coinmarketcap.com/static/widget/coinMarquee.html]
[mavenfinance.com.pl/page-service-details.html]
[mavenfinance.com.pl/s3.tradingview.com/external-embedding/embed-widget-forex-cross-rates.html]
[mavenfinance.com.pl/bb/suser.html]
[mavenfinance.com.pl/js/jquery.js]
[mavenfinance.com.pl/js/popper.min.js]
[mavenfinance.com.pl/js/bootstrap.min.js]
[mavenfinance.com.pl/js/jquery.fancybox.js]
[mavenfinance.com.pl/js/wow.js]
[mavenfinance.com.pl/js/appear.js]
[mavenfinance.com.pl/net/index.html]
[mavenfinance.com.pl/ry.html]
[mavenfinance.com.pl/js/mixitup.js]
[mavenfinance.com.pl/js/owl.js]
[mavenfinance.com.pl/js/script.js]
[mavenfinance.com.pl/âhttps_/www.smartsupp.html]
[mavenfinance.com.pl/css/animate.css]
[mavenfinance.com.pl/css/owl.video.play.html]
[mavenfinance.com.pl/css/owl.css]
[mavenfinance.com.pl/css/jquery.fancybox.min.css]
[mavenfinance.com.pl/fonts/linearicons-free84298429.html]
[mavenfinance.com.pl/fonts/linearicons-free8429-28429.html]
[mavenfinance.com.pl/fonts/linearicons-free8429-38429.html]
[mavenfinance.com.pl/fonts/linearicons-free8429-48429.html]
[mavenfinance.com.pl/css/linear.css]
[mavenfinance.com.pl/fonts/fa-brands-400.woff2]
[mavenfinance.com.pl/fonts/fa-brands-400.woff]
[mavenfinance.com.pl/fonts/fa-brands-400.ttf]
[mavenfinance.com.pl/fonts/fa-duotone-900.woff2]
[mavenfinance.com.pl/fonts/fa-duotone-900.woff]
[mavenfinance.com.pl/fonts/fa-light-300.woff2]
[mavenfinance.com.pl/fonts/fa-duotone-900.ttf]
[mavenfinance.com.pl/fonts/fa-light-300.woff]
[mavenfinance.com.pl/fonts/fa-regular-400.woff2]
[mavenfinance.com.pl/fonts/fa-regular-400.woff]
[mavenfinance.com.pl/fonts/fa-light-300.ttf]
[mavenfinance.com.pl/fonts/fa-solid-900.woff2]
[mavenfinance.com.pl/fonts/fa-regular-400.ttf]
[mavenfinance.com.pl/fonts/fa-solid-900.woff]
[mavenfinance.com.pl/fonts/fa-thin-100.woff2]
[mavenfinance.com.pl/fonts/fa-solid-900.ttf]
[mavenfinance.com.pl/fonts/fa-thin-100.woff]
[mavenfinance.com.pl/css/fontawesome.css]
[mavenfinance.com.pl/fonts/Flaticon.eot]
[mavenfinance.com.pl/fonts/Flaticond41dd41d.eot]
[mavenfinance.com.pl/fonts/Flaticon.woff2]
[mavenfinance.com.pl/fonts/Flaticon.woff]
[mavenfinance.com.pl/fonts/Flaticon.ttf]
[mavenfinance.com.pl/fonts/fa-thin-100.ttf]
[mavenfinance.com.pl/css/flaticon.css]
[mavenfinance.com.pl/css/select2.min.css]
[mavenfinance.com.pl/css/tm-bs-mp.css]
[mavenfinance.com.pl/css/tm-utility-classes.css]
[mavenfinance.com.pl/images/icons/pattern-3.html]
[mavenfinance.com.pl/images/icons/footer-bg-11.html]
[mavenfinance.com.pl/images/icons/pattern-7.html]
[mavenfinance.com.pl/images/icons/cat-1-bg.html]
[mavenfinance.com.pl/images/icons/cat-2-bg.html]
[mavenfinance.com.pl/images/icons/cat-3-bg.html]
[mavenfinance.com.pl/images/icons/cat-4-bg.html]
[mavenfinance.com.pl/images/icons/pattern-8.html]
[mavenfinance.com.pl/images/icons/shape-7.html]
[mavenfinance.com.pl/js/jquery-ui.js]
[mavenfinance.com.pl/js/select2.min.js]
[mavenfinance.com.pl/fonts/Flaticon.svg]
[mavenfinance.com.pl/Trident/index.html]
[mavenfinance.com.pl/Edge/index.html]
[mavenfinance.com.pl/Gecko/index.html]
[mavenfinance.com.pl/Firefox/index.html]
[mavenfinance.com.pl/Version/index.html]
[mavenfinance.com.pl/version/index-2.html]
[mavenfinance.com.pl/js/swiper.min.js]
[mavenfinance.com.pl/assets/global/webfonts/fa-brands-400.woff2]
[mavenfinance.com.pl/assets/global/webfonts/fa-regular-400.woff2]
[mavenfinance.com.pl/assets/global/webfonts/fa-brands-400.ttf]
[mavenfinance.com.pl/assets/global/webfonts/fa-regular-400.ttf]
[mavenfinance.com.pl/assets/global/webfonts/fa-solid-900.woff2]
[mavenfinance.com.pl/assets/global/webfonts/fa-solid-900.ttf]
[mavenfinance.com.pl/assets/global/webfonts/fa-v4compatibility.woff2]
[mavenfinance.com.pl/assets/global/webfonts/fa-v4compatibility.ttf]
[mavenfinance.com.pl/assets/global/css/fontawesome.min.css]
[mavenfinance.com.pl/assets/frontend/css/vendor/bootstrap.min.css]
[mavenfinance.com.pl/assets/frontend/css/animate.css]
[mavenfinance.com.pl/assets/frontend/css/owl.video.play.png]
[mavenfinance.com.pl/assets/frontend/css/owl.carousel.min.css]
[mavenfinance.com.pl/assets/global/css/nice-select.css]
[mavenfinance.com.pl/assets/global/css/datatables.min.css]
[mavenfinance.com.pl/assets/global/css/simple-notify.min.css]
[mavenfinance.com.pl/assets/vendor/mckenziearts/laravel-notify/css/notify.css]
[mavenfinance.com.pl/assets/global/css/custom.css]
[mavenfinance.com.pl/assets/frontend/css/magnific-popup.css]
[mavenfinance.com.pl/assets/frontend/css/aos.css]
[mavenfinance.com.pl/assets/frontend/theme_base/money_invest/fonts/EuclidCircularALight.eot]
[mavenfinance.com.pl/assets/frontend/theme_base/money_invest/fonts/EuclidCircularALight.woff2]
[mavenfinance.com.pl/assets/frontend/theme_base/money_invest/fonts/EuclidCircularALight.woff]
[mavenfinance.com.pl/assets/frontend/theme_base/money_invest/fonts/EuclidCircularALight.ttf]
[mavenfinance.com.pl/assets/frontend/theme_base/money_invest/fonts/EuclidCircularALight.svg]
[mavenfinance.com.pl/assets/frontend/theme_base/money_invest/fonts/EuclidCircularARegular.eot]
[mavenfinance.com.pl/assets/frontend/theme_base/money_invest/fonts/EuclidCircularARegular.woff2]
[mavenfinance.com.pl/assets/frontend/theme_base/money_invest/fonts/EuclidCircularARegular.woff]
[mavenfinance.com.pl/assets/frontend/theme_base/money_invest/fonts/EuclidCircularARegular.ttf]
[mavenfinance.com.pl/assets/frontend/theme_base/money_invest/fonts/EuclidCircularARegular.svg]
[mavenfinance.com.pl/assets/frontend/theme_base/money_invest/fonts/EuclidCircularAMedium.eot]
[mavenfinance.com.pl/assets/frontend/theme_base/money_invest/fonts/EuclidCircularAMedium.woff2]
[mavenfinance.com.pl/assets/frontend/theme_base/money_invest/fonts/EuclidCircularAMedium.woff]
[mavenfinance.com.pl/assets/frontend/theme_base/money_invest/fonts/EuclidCircularAMedium.ttf]
[mavenfinance.com.pl/assets/frontend/theme_base/money_invest/fonts/EuclidCircularAMedium.svg]
[mavenfinance.com.pl/assets/frontend/theme_base/money_invest/fonts/EuclidCircularASemiBold.woff2]
[mavenfinance.com.pl/assets/frontend/theme_base/money_invest/fonts/EuclidCircularASemiBold.eot]
[mavenfinance.com.pl/assets/frontend/theme_base/money_invest/fonts/EuclidCircularASemiBold.woff]
[mavenfinance.com.pl/assets/frontend/theme_base/money_invest/fonts/EuclidCircularASemiBold.ttf]
[mavenfinance.com.pl/assets/frontend/theme_base/money_invest/fonts/EuclidCircularASemiBold.svg]
[mavenfinance.com.pl/assets/frontend/theme_base/money_invest/fonts/EuclidCircularABold.eot]
[mavenfinance.com.pl/assets/frontend/theme_base/money_invest/fonts/EuclidCircularABold.woff2]
[mavenfinance.com.pl/assets/frontend/theme_base/money_invest/fonts/EuclidCircularABold.woff]
[mavenfinance.com.pl/assets/frontend/theme_base/money_invest/fonts/EuclidCircularABold.ttf]
[mavenfinance.com.pl/assets/frontend/theme_base/money_invest/materials/banners/coin.png]
[mavenfinance.com.pl/assets/frontend/theme_base/money_invest/materials/banner-bg.jpg]
[mavenfinance.com.pl/assets/frontend/theme_base/money_invest/fonts/EuclidCircularABold.svg]
[mavenfinance.com.pl/assets/frontend/theme_base/money_invest/css/styles67f8.css]
[mavenfinance.com.pl/language-update5efc]
[mavenfinance.com.pl/language-updatee60a]
[mavenfinance.com.pl/assets/global/images/jROrQC86dWkOCiRN5XW9.png]
[mavenfinance.com.pl/user/schema-preview/1]
[mavenfinance.com.pl/assets/global/images/uVv3a9kqDDgkqVuCewUd.png]
[mavenfinance.com.pl/user/schema-preview/2]
[mavenfinance.com.pl/assets/global/images/OhxqY5FE8TSja08EVK4E.png]
[mavenfinance.com.pl/user/schema-preview/3]
[mavenfinance.com.pl/assets/global/images/MUtTx6WVGIpCuqAWBqpP.png]
[mavenfinance.com.pl/user/schema-preview/4]
[mavenfinance.com.pl/assets/global/images/zKE7zotoyFWNE28dMaLb.png]
[mavenfinance.com.pl/user/schema-preview/5]
[mavenfinance.com.pl/assets/global/images/KtdCW965xGWOilEOnNSL.png]
[mavenfinance.com.pl/user/schema-preview/6]
[mavenfinance.com.pl/assets/global/images/KR66C88een6aqolzT0eM.png]
[mavenfinance.com.pl/user/schema-preview/7]
[mavenfinance.com.pl/schema.html]
[mavenfinance.com.pl/language-update5efc]
[mavenfinance.com.pl/language-updatee60a]
[mavenfinance.com.pl/assets/global/images/sCQgIyl0OKzFiO73nmWF.svg]
[mavenfinance.com.pl/assets/global/images/TQDUvbD48kmhmV9qifzh.svg]
[mavenfinance.com.pl/assets/global/images/hGHllGGCIYfpx5Z2VKrW.svg]
[mavenfinance.com.pl/assets/global/images/SaNfYL7WD2pzAAME8Sqb.svg]
[mavenfinance.com.pl/rankings.html]
[mavenfinance.com.pl/language-update5efc]
[mavenfinance.com.pl/language-updatee60a]
[mavenfinance.com.pl/assets/global/images/rgcX1UNOLmbtZ3FqaTRF.png]
[mavenfinance.com.pl/assets/global/images/XJpLT3lm67UdgIXF9evM.png]
[mavenfinance.com.pl/assets/global/images/AUYbTtNQ4xTXzOxovUfJ.png]
[mavenfinance.com.pl/assets/global/images/XcTp7W7bWhB8WuAqfhdD.png]
[mavenfinance.com.pl/assets/global/images/MDUaupZdxAhfolZvx45O.png]
[mavenfinance.com.pl/assets/global/images/a67Vk3VpgntR38NRx6Lv.png]
[mavenfinance.com.pl/assets/global/images/L1ECnG95L3DhstexQnnM.png]
[mavenfinance.com.pl/assets/global/images/udMk5L0YXsXBK3mgRJQX.jpg]
[mavenfinance.com.pl/how-it-works.html]
[mavenfinance.com.pl/language-update.10f5efc.delayed]
[mavenfinance.com.pl/language-updatee60a]
[mavenfinance.com.pl/assets/global/images/0lCzODmalVUZTSPyN8DL.jpg]
[mavenfinance.com.pl/blog/4.html]
[mavenfinance.com.pl/blog/3.html]
[mavenfinance.com.pl/assets/global/images/pjcE6TesJb31usofdzQd.jpg]
[mavenfinance.com.pl/blog/5.html]
[mavenfinance.com.pl/blog/2.html]
[mavenfinance.com.pl/blog/8.html]
[mavenfinance.com.pl/blog/9.html]
[mavenfinance.com.pl/blog4658.html]
[mavenfinance.com.pl/blog.html]
[mavenfinance.com.pl/contact-2.html]
[mavenfinance.com.pl/assets/global/images/3D2GoedLg8L3e7B5Q9Ev.html]
[mavenfinance.com.pl/privacy-policy.html]
[mavenfinance.com.pl/language-updateca32]
[mavenfinance.com.pl/faq.html]
[mavenfinance.com.pl/terms-and-conditions.html]
[mavenfinance.com.pl/language-updateca32]
[mavenfinance.com.pl/privacy-policy-2.html]
[mavenfinance.com.pl/assets/global/js/jquery.min.js]
[mavenfinance.com.pl/assets/global/js/jquery-migrate.js]
[mavenfinance.com.pl/assets/frontend/js/bootstrap.bundle.min.js]
[mavenfinance.com.pl/assets/frontend/js/scrollUp.min.js]
[mavenfinance.com.pl/assets/frontend/js/owl.carousel.min.js]
[mavenfinance.com.pl/assets/global/js/waypoints.min.js]
[mavenfinance.com.pl/assets/frontend/js/jquery.counterup.min.js]
[mavenfinance.com.pl/assets/global/js/jquery.nice-select.min.js]
[mavenfinance.com.pl/assets/global/js/lucide.min.js]
[mavenfinance.com.pl/assets/frontend/js/magnific-popup.min.js]
[mavenfinance.com.pl/assets/frontend/js/aos.js]
[mavenfinance.com.pl/assets/global/js/datatables.min.js]
[mavenfinance.com.pl/assets/global/js/simple-notify.min.js]
[mavenfinance.com.pl/assets/frontend/theme_base/money_invest/js/main830b.js]
[mavenfinance.com.pl/assets/frontend/js/cookie.js]
[mavenfinance.com.pl/assets/global/js/custom830b.js]
[mavenfinance.com.pl/Node.11e.delayed]
[mavenfinance.com.pl/assets/vendor/mckenziearts/laravel-notify/js/notify.js]
[mavenfinance.com.pl/language-updateca32]
[mavenfinance.com.pl/terms-and-conditions-2.html]
[mavenfinance.com.pl/forgot-password.html]
[mavenfinance.com.pl/htdocs_error/style.css]
[mavenfinance.com.pl/net/index.html]
[mavenfinance.com.pl/ry.html]
[mavenfinance.com.pl/css/owl.video.play.html]
[mavenfinance.com.pl/fonts/linearicons-free84298429.html]
[mavenfinance.com.pl/fonts/linearicons-free8429-28429.html]
[mavenfinance.com.pl/fonts/linearicons-free8429-38429.html]
[mavenfinance.com.pl/fonts/linearicons-free8429-48429.html]
[mavenfinance.com.pl/fonts/Flaticon.svg]
[mavenfinance.com.pl/Trident/index.html]
[mavenfinance.com.pl/Edge/index.html]
[mavenfinance.com.pl/Gecko/index.html]
[mavenfinance.com.pl/Firefox/index.html]
[mavenfinance.com.pl/Version/index.html]
[mavenfinance.com.pl/version/index-2.html]
[mavenfinance.com.pl/assets/frontend/css/owl.video.play.html]
[mavenfinance.com.pl/assets/frontend/theme_base/money_invest/fonts/EuclidCircularALight.svg]
[mavenfinance.com.pl/assets/frontend/theme_base/money_invest/fonts/EuclidCircularARegular.svg]
[mavenfinance.com.pl/assets/frontend/theme_base/money_invest/fonts/EuclidCircularAMedium.svg]
[mavenfinance.com.pl/assets/frontend/theme_base/money_invest/fonts/EuclidCircularASemiBold.svg]
[mavenfinance.com.pl/assets/frontend/theme_base/money_invest/fonts/EuclidCircularABold.svg]
[mavenfinance.com.pl/assets/global/images/jROrQC86dWkOCiRN5XW9.html]
[mavenfinance.com.pl/assets/global/images/uVv3a9kqDDgkqVuCewUd.html]
[mavenfinance.com.pl/assets/global/images/OhxqY5FE8TSja08EVK4E.html]
[mavenfinance.com.pl/assets/global/images/MUtTx6WVGIpCuqAWBqpP.html]
[mavenfinance.com.pl/assets/global/images/zKE7zotoyFWNE28dMaLb.html]
[mavenfinance.com.pl/assets/global/images/KtdCW965xGWOilEOnNSL.html]
[mavenfinance.com.pl/assets/global/images/KR66C88een6aqolzT0eM.html]
[mavenfinance.com.pl/assets/global/images/sCQgIyl0OKzFiO73nmWF.svg]
[mavenfinance.com.pl/assets/global/images/TQDUvbD48kmhmV9qifzh.svg]
[mavenfinance.com.pl/assets/global/images/hGHllGGCIYfpx5Z2VKrW.svg]
[mavenfinance.com.pl/assets/global/images/SaNfYL7WD2pzAAME8Sqb.svg]
[mavenfinance.com.pl/language-update.121ca32.delayed]
[mavenfinance.com.pl/blog/3.html]
[mavenfinance.com.pl/blog/4.html]
[mavenfinance.com.pl/blog/5.html]
[mavenfinance.com.pl/blog/2.html]
[mavenfinance.com.pl/blog/8.html]
[mavenfinance.com.pl/blog/9.html]
[mavenfinance.com.pl/blog/7.html]
[mavenfinance.com.pl/assets/global/images/aSoWnFlPlnnJBXq4hQXi.jpg]
[mavenfinance.com.pl/blog/1.html]
[mavenfinance.com.pl/blog4658.html]
[mavenfinance.com.pl/blog2679.html]
[mavenfinance.com.pl/blog/6.html]
[mavenfinance.com.pl/dist]
[mavenfinance.com.pl/dist/index.html]
[mavenfinance.com.pl/Node.html]
[mavenfinance.com.pl/language-updatee60a]
[mavenfinance.com.pl/blog/7.html]
[mavenfinance.com.pl/language-updatee60a]
[mavenfinance.com.pl/blog/1.html]
[mavenfinance.com.pl/language-updatee60a]
[mavenfinance.com.pl/blog/6.html]
[mavenfinance.com.pl/language-updatee60a]
[mavenfinance.com.pl/blog2679.html]
[mavenfinance.com.pl/dist.html]
